[2026-08-15T15:15:43.537Z] info: kubernetes.yaml was copied to the config folder
[2026-08-15T15:16:09.084Z] info: bookmarks.yaml was copied to the config folder
[2026-08-15T15:16:09.106Z] info: proxmox.yaml was copied to the config folder
[2026-08-15T15:16:09.127Z] info: widgets.yaml was copied to the config folder
[2026-08-15T15:16:09.129Z] info: custom.css was copied to the config folder
[2026-08-15T15:16:09.130Z] info: custom.js was copied to the config folder
[2026-08-15T15:16:09.295Z] error: <service-helpers> Error getting services from Docker server 'server-home': Error: connect EACCES /var/run/docker.sock
    at ignore-listed frames {
  errno: -13,
  code: 'EACCES',
  syscall: 'connect',
  address: '/var/run/docker.sock'
}
[2026-08-15T15:16:09.371Z] error: <dockerStatusService> Error: connect EACCES /var/run/docker.sock
    at PipeConnectWrap.afterConnect [as oncomplete] (node:net:1638:16)
    at PipeConnectWrap.callbackTrampoline (node:internal/async_hooks:130:17)
[2026-08-15T15:16:09.373Z] error: <dockerStatusService> Error: connect EACCES /var/run/docker.sock
    at PipeConnectWrap.afterConnect [as oncomplete] (node:net:1638:16)
    at PipeConnectWrap.callbackTrampoline (node:internal/async_hooks:130:17)
[2026-08-15T15:16:09.382Z] error: <dockerStatusService> Error: connect EACCES /var/run/docker.sock
    at PipeConnectWrap.afterConnect [as oncomplete] (node:net:1638:16)
    at PipeConnectWrap.callbackTrampoline (node:internal/async_hooks:130:17)
[2026-08-15T15:16:09.390Z] error: <dockerStatusService> Error: connect EACCES /var/run/docker.sock
    at PipeConnectWrap.afterConnect [as oncomplete] (node:net:1638:16)
    at PipeConnectWrap.callbackTrampoline (node:internal/async_hooks:130:17)
[2026-08-15T15:16:09.402Z] error: <dockerStatusService> Error: connect EACCES /var/run/docker.sock
    at PipeConnectWrap.afterConnect [as oncomplete] (node:net:1638:16)
    at PipeConnectWrap.callbackTrampoline (node:internal/async_hooks:130:17)
[2026-08-15T15:16:09.411Z] error: <dockerStatusService> Error: connect EACCES /var/run/docker.sock
    at PipeConnectWrap.afterConnect [as oncomplete] (node:net:1638:16)
    at PipeConnectWrap.callbackTrampoline (node:internal/async_hooks:130:17)
[2026-08-15T15:16:09.421Z] error: <dockerStatusService> Error: connect EACCES /var/run/docker.sock
    at PipeConnectWrap.afterConnect [as oncomplete] (node:net:1638:16)
    at PipeConnectWrap.callbackTrampoline (node:internal/async_hooks:130:17)
[2026-08-15T15:16:09.430Z] error: <dockerStatusService> Error: connect EACCES /var/run/docker.sock
    at PipeConnectWrap.afterConnect [as oncomplete] (node:net:1638:16)
    at PipeConnectWrap.callbackTrampoline (node:internal/async_hooks:130:17)
[2026-08-15T15:16:09.438Z] error: <dockerStatusService> Error: connect EACCES /var/run/docker.sock
    at PipeConnectWrap.afterConnect [as oncomplete] (node:net:1638:16)
    at PipeConnectWrap.callbackTrampoline (node:internal/async_hooks:130:17)
[2026-08-15T15:16:09.445Z] error: <dockerStatusService> Error: connect EACCES /var/run/docker.sock
    at PipeConnectWrap.afterConnect [as oncomplete] (node:net:1638:16)
    at PipeConnectWrap.callbackTrampoline (node:internal/async_hooks:130:17)
[2026-08-15T15:16:09.451Z] error: <dockerStatusService> Error: connect EACCES /var/run/docker.sock
    at PipeConnectWrap.afterConnect [as oncomplete] (node:net:1638:16)
    at PipeConnectWrap.callbackTrampoline (node:internal/async_hooks:130:17)
[2026-08-15T15:16:14.375Z] error: <service-helpers> Error getting services from Docker server 'server-home': Error: connect EACCES /var/run/docker.sock
    at ignore-listed frames {
  errno: -13,
  code: 'EACCES',
  syscall: 'connect',
  address: '/var/run/docker.sock'
}
[2026-08-15T15:16:14.440Z] error: <dockerStatusService> Error: connect EACCES /var/run/docker.sock
    at PipeConnectWrap.afterConnect [as oncomplete] (node:net:1638:16)
    at PipeConnectWrap.callbackTrampoline (node:internal/async_hooks:130:17)
[2026-08-15T15:16:14.441Z] error: <dockerStatusService> Error: connect EACCES /var/run/docker.sock
    at PipeConnectWrap.afterConnect [as oncomplete] (node:net:1638:16)
    at PipeConnectWrap.callbackTrampoline (node:internal/async_hooks:130:17)
[2026-08-15T15:16:14.451Z] error: <dockerStatusService> Error: connect EACCES /var/run/docker.sock
    at PipeConnectWrap.afterConnect [as oncomplete] (node:net:1638:16)
    at PipeConnectWrap.callbackTrampoline (node:internal/async_hooks:130:17)
[2026-08-15T15:16:14.459Z] error: <dockerStatusService> Error: connect EACCES /var/run/docker.sock
    at PipeConnectWrap.afterConnect [as oncomplete] (node:net:1638:16)
    at PipeConnectWrap.callbackTrampoline (node:internal/async_hooks:130:17)
[2026-08-15T15:16:14.467Z] error: <dockerStatusService> Error: connect EACCES /var/run/docker.sock
    at PipeConnectWrap.afterConnect [as oncomplete] (node:net:1638:16)
    at PipeConnectWrap.callbackTrampoline (node:internal/async_hooks:130:17)
[2026-08-15T15:16:14.477Z] error: <dockerStatusService> Error: connect EACCES /var/run/docker.sock
    at PipeConnectWrap.afterConnect [as oncomplete] (node:net:1638:16)
    at PipeConnectWrap.callbackTrampoline (node:internal/async_hooks:130:17)
[2026-08-15T15:16:14.487Z] error: <dockerStatusService> Error: connect EACCES /var/run/docker.sock
    at PipeConnectWrap.afterConnect [as oncomplete] (node:net:1638:16)
    at PipeConnectWrap.callbackTrampoline (node:internal/async_hooks:130:17)
[2026-08-15T15:16:14.497Z] error: <dockerStatusService> Error: connect EACCES /var/run/docker.sock
    at PipeConnectWrap.afterConnect [as oncomplete] (node:net:1638:16)
    at PipeConnectWrap.callbackTrampoline (node:internal/async_hooks:130:17)
[2026-08-15T15:16:14.504Z] error: <dockerStatusService> Error: connect EACCES /var/run/docker.sock
    at PipeConnectWrap.afterConnect [as oncomplete] (node:net:1638:16)
    at PipeConnectWrap.callbackTrampoline (node:internal/async_hooks:130:17)
[2026-08-15T15:16:14.512Z] error: <dockerStatusService> Error: connect EACCES /var/run/docker.sock
    at PipeConnectWrap.afterConnect [as oncomplete] (node:net:1638:16)
    at PipeConnectWrap.callbackTrampoline (node:internal/async_hooks:130:17)
[2026-08-15T15:16:14.517Z] error: <dockerStatusService> Error: connect EACCES /var/run/docker.sock
    at PipeConnectWrap.afterConnect [as oncomplete] (node:net:1638:16)
    at PipeConnectWrap.callbackTrampoline (node:internal/async_hooks:130:17)
[2026-08-15T15:16:20.789Z] error: <service-helpers> Error getting services from Docker server 'server-home': Error: connect EACCES /var/run/docker.sock
    at ignore-listed frames {
  errno: -13,
  code: 'EACCES',
  syscall: 'connect',
  address: '/var/run/docker.sock'
}
[2026-08-15T15:16:20.791Z] error: <dockerStatusService> Error: connect EACCES /var/run/docker.sock
    at PipeConnectWrap.afterConnect [as oncomplete] (node:net:1638:16)
    at PipeConnectWrap.callbackTrampoline (node:internal/async_hooks:130:17)
[2026-08-15T15:16:20.800Z] error: <dockerStatusService> Error: connect EACCES /var/run/docker.sock
    at PipeConnectWrap.afterConnect [as oncomplete] (node:net:1638:16)
    at PipeConnectWrap.callbackTrampoline (node:internal/async_hooks:130:17)
[2026-08-15T15:16:20.811Z] error: <dockerStatusService> Error: connect EACCES /var/run/docker.sock
    at PipeConnectWrap.afterConnect [as oncomplete] (node:net:1638:16)
    at PipeConnectWrap.callbackTrampoline (node:internal/async_hooks:130:17)
[2026-08-15T15:16:20.818Z] error: <dockerStatusService> Error: connect EACCES /var/run/docker.sock
    at PipeConnectWrap.afterConnect [as oncomplete] (node:net:1638:16)
    at PipeConnectWrap.callbackTrampoline (node:internal/async_hooks:130:17)
[2026-08-15T15:16:20.832Z] error: <dockerStatusService> Error: connect EACCES /var/run/docker.sock
    at PipeConnectWrap.afterConnect [as oncomplete] (node:net:1638:16)
    at PipeConnectWrap.callbackTrampoline (node:internal/async_hooks:130:17)
[2026-08-15T15:16:20.840Z] error: <dockerStatusService> Error: connect EACCES /var/run/docker.sock
    at PipeConnectWrap.afterConnect [as oncomplete] (node:net:1638:16)
    at PipeConnectWrap.callbackTrampoline (node:internal/async_hooks:130:17)
[2026-08-15T15:16:20.847Z] error: <dockerStatusService> Error: connect EACCES /var/run/docker.sock
    at PipeConnectWrap.afterConnect [as oncomplete] (node:net:1638:16)
    at PipeConnectWrap.callbackTrampoline (node:internal/async_hooks:130:17)
[2026-08-15T15:16:20.856Z] error: <dockerStatusService> Error: connect EACCES /var/run/docker.sock
    at PipeConnectWrap.afterConnect [as oncomplete] (node:net:1638:16)
    at PipeConnectWrap.callbackTrampoline (node:internal/async_hooks:130:17)
[2026-08-15T15:16:20.862Z] error: <dockerStatusService> Error: connect EACCES /var/run/docker.sock
    at PipeConnectWrap.afterConnect [as oncomplete] (node:net:1638:16)
    at PipeConnectWrap.callbackTrampoline (node:internal/async_hooks:130:17)
[2026-08-15T15:16:20.868Z] error: <dockerStatusService> Error: connect EACCES /var/run/docker.sock
    at PipeConnectWrap.afterConnect [as oncomplete] (node:net:1638:16)
    at PipeConnectWrap.callbackTrampoline (node:internal/async_hooks:130:17)
[2026-08-15T15:16:20.872Z] error: <dockerStatusService> Error: connect EACCES /var/run/docker.sock
    at PipeConnectWrap.afterConnect [as oncomplete] (node:net:1638:16)
    at PipeConnectWrap.callbackTrampoline (node:internal/async_hooks:130:17)
[2026-08-15T15:16:27.547Z] error: <service-helpers> Error getting services from Docker server 'server-home': Error: connect EACCES /var/run/docker.sock
    at ignore-listed frames {
  errno: -13,
  code: 'EACCES',
  syscall: 'connect',
  address: '/var/run/docker.sock'
}
[2026-08-15T15:16:27.549Z] error: <dockerStatusService> Error: connect EACCES /var/run/docker.sock
    at PipeConnectWrap.afterConnect [as oncomplete] (node:net:1638:16)
    at PipeConnectWrap.callbackTrampoline (node:internal/async_hooks:130:17)
[2026-08-15T15:16:27.565Z] error: <dockerStatusService> Error: connect EACCES /var/run/docker.sock
    at PipeConnectWrap.afterConnect [as oncomplete] (node:net:1638:16)
    at PipeConnectWrap.callbackTrampoline (node:internal/async_hooks:130:17)
[2026-08-15T15:16:27.578Z] error: <dockerStatusService> Error: connect EACCES /var/run/docker.sock
    at PipeConnectWrap.afterConnect [as oncomplete] (node:net:1638:16)
    at PipeConnectWrap.callbackTrampoline (node:internal/async_hooks:130:17)
[2026-08-15T15:16:27.595Z] error: <dockerStatusService> Error: connect EACCES /var/run/docker.sock
    at PipeConnectWrap.afterConnect [as oncomplete] (node:net:1638:16)
    at PipeConnectWrap.callbackTrampoline (node:internal/async_hooks:130:17)
[2026-08-15T15:16:27.608Z] error: <dockerStatusService> Error: connect EACCES /var/run/docker.sock
    at PipeConnectWrap.afterConnect [as oncomplete] (node:net:1638:16)
    at PipeConnectWrap.callbackTrampoline (node:internal/async_hooks:130:17)
[2026-08-15T15:16:27.621Z] error: <dockerStatusService> Error: connect EACCES /var/run/docker.sock
    at PipeConnectWrap.afterConnect [as oncomplete] (node:net:1638:16)
    at PipeConnectWrap.callbackTrampoline (node:internal/async_hooks:130:17)
[2026-08-15T15:16:27.632Z] error: <dockerStatusService> Error: connect EACCES /var/run/docker.sock
    at PipeConnectWrap.afterConnect [as oncomplete] (node:net:1638:16)
    at PipeConnectWrap.callbackTrampoline (node:internal/async_hooks:130:17)
[2026-08-15T15:16:27.646Z] error: <dockerStatusService> Error: connect EACCES /var/run/docker.sock
    at PipeConnectWrap.afterConnect [as oncomplete] (node:net:1638:16)
    at PipeConnectWrap.callbackTrampoline (node:internal/async_hooks:130:17)
[2026-08-15T15:16:27.657Z] error: <dockerStatusService> Error: connect EACCES /var/run/docker.sock
    at PipeConnectWrap.afterConnect [as oncomplete] (node:net:1638:16)
    at PipeConnectWrap.callbackTrampoline (node:internal/async_hooks:130:17)
[2026-08-15T15:16:27.667Z] error: <dockerStatusService> Error: connect EACCES /var/run/docker.sock
    at PipeConnectWrap.afterConnect [as oncomplete] (node:net:1638:16)
    at PipeConnectWrap.callbackTrampoline (node:internal/async_hooks:130:17)
[2026-08-15T15:16:27.674Z] error: <dockerStatusService> Error: connect EACCES /var/run/docker.sock
    at PipeConnectWrap.afterConnect [as oncomplete] (node:net:1638:16)
    at PipeConnectWrap.callbackTrampoline (node:internal/async_hooks:130:17)
[2026-08-15T15:17:05.370Z] error: <dockerStatusService> Error: connect EACCES /var/run/docker.sock
    at PipeConnectWrap.afterConnect [as oncomplete] (node:net:1638:16)
    at PipeConnectWrap.callbackTrampoline (node:internal/async_hooks:130:17)
[2026-08-15T15:17:05.389Z] error: <service-helpers> Error getting services from Docker server 'server-home': Error: connect EACCES /var/run/docker.sock
    at ignore-listed frames {
  errno: -13,
  code: 'EACCES',
  syscall: 'connect',
  address: '/var/run/docker.sock'
}
[2026-08-15T15:17:05.391Z] error: <dockerStatusService> Error: connect EACCES /var/run/docker.sock
    at PipeConnectWrap.afterConnect [as oncomplete] (node:net:1638:16)
    at PipeConnectWrap.callbackTrampoline (node:internal/async_hooks:130:17)
[2026-08-15T15:17:05.407Z] error: <dockerStatusService> Error: connect EACCES /var/run/docker.sock
    at PipeConnectWrap.afterConnect [as oncomplete] (node:net:1638:16)
    at PipeConnectWrap.callbackTrampoline (node:internal/async_hooks:130:17)
[2026-08-15T15:17:05.421Z] error: <dockerStatusService> Error: connect EACCES /var/run/docker.sock
    at PipeConnectWrap.afterConnect [as oncomplete] (node:net:1638:16)
    at PipeConnectWrap.callbackTrampoline (node:internal/async_hooks:130:17)
[2026-08-15T15:17:05.433Z] error: <dockerStatusService> Error: connect EACCES /var/run/docker.sock
    at PipeConnectWrap.afterConnect [as oncomplete] (node:net:1638:16)
    at PipeConnectWrap.callbackTrampoline (node:internal/async_hooks:130:17)
[2026-08-15T15:17:05.449Z] error: <dockerStatusService> Error: connect EACCES /var/run/docker.sock
    at PipeConnectWrap.afterConnect [as oncomplete] (node:net:1638:16)
    at PipeConnectWrap.callbackTrampoline (node:internal/async_hooks:130:17)
[2026-08-15T15:17:05.461Z] error: <dockerStatusService> Error: connect EACCES /var/run/docker.sock
    at PipeConnectWrap.afterConnect [as oncomplete] (node:net:1638:16)
    at PipeConnectWrap.callbackTrampoline (node:internal/async_hooks:130:17)
[2026-08-15T15:17:05.468Z] error: <dockerStatusService> Error: connect EACCES /var/run/docker.sock
    at PipeConnectWrap.afterConnect [as oncomplete] (node:net:1638:16)
    at PipeConnectWrap.callbackTrampoline (node:internal/async_hooks:130:17)
[2026-08-15T15:17:05.475Z] error: <dockerStatusService> Error: connect EACCES /var/run/docker.sock
    at PipeConnectWrap.afterConnect [as oncomplete] (node:net:1638:16)
    at PipeConnectWrap.callbackTrampoline (node:internal/async_hooks:130:17)
[2026-08-15T15:17:05.479Z] error: <dockerStatusService> Error: connect EACCES /var/run/docker.sock
    at PipeConnectWrap.afterConnect [as oncomplete] (node:net:1638:16)
    at PipeConnectWrap.callbackTrampoline (node:internal/async_hooks:130:17)
[2026-08-15T15:17:05.483Z] error: <dockerStatusService> Error: connect EACCES /var/run/docker.sock
    at PipeConnectWrap.afterConnect [as oncomplete] (node:net:1638:16)
    at PipeConnectWrap.callbackTrampoline (node:internal/async_hooks:130:17)
[2026-08-15T15:17:19.600Z] error: <dockerStatusService> Error: connect EACCES /var/run/docker.sock
    at PipeConnectWrap.afterConnect [as oncomplete] (node:net:1638:16)
    at PipeConnectWrap.callbackTrampoline (node:internal/async_hooks:130:17)
[2026-08-15T15:17:19.614Z] error: <service-helpers> Error getting services from Docker server 'server-home': Error: connect EACCES /var/run/docker.sock
    at ignore-listed frames {
  errno: -13,
  code: 'EACCES',
  syscall: 'connect',
  address: '/var/run/docker.sock'
}
[2026-08-15T15:17:19.617Z] error: <dockerStatusService> Error: connect EACCES /var/run/docker.sock
    at PipeConnectWrap.afterConnect [as oncomplete] (node:net:1638:16)
    at PipeConnectWrap.callbackTrampoline (node:internal/async_hooks:130:17)
[2026-08-15T15:17:19.631Z] error: <dockerStatusService> Error: connect EACCES /var/run/docker.sock
    at PipeConnectWrap.afterConnect [as oncomplete] (node:net:1638:16)
    at PipeConnectWrap.callbackTrampoline (node:internal/async_hooks:130:17)
[2026-08-15T15:17:19.645Z] error: <dockerStatusService> Error: connect EACCES /var/run/docker.sock
    at PipeConnectWrap.afterConnect [as oncomplete] (node:net:1638:16)
    at PipeConnectWrap.callbackTrampoline (node:internal/async_hooks:130:17)
[2026-08-15T15:17:19.657Z] error: <dockerStatusService> Error: connect EACCES /var/run/docker.sock
    at PipeConnectWrap.afterConnect [as oncomplete] (node:net:1638:16)
    at PipeConnectWrap.callbackTrampoline (node:internal/async_hooks:130:17)
[2026-08-15T15:17:19.672Z] error: <dockerStatusService> Error: connect EACCES /var/run/docker.sock
    at PipeConnectWrap.afterConnect [as oncomplete] (node:net:1638:16)
    at PipeConnectWrap.callbackTrampoline (node:internal/async_hooks:130:17)
[2026-08-15T15:17:19.683Z] error: <dockerStatusService> Error: connect EACCES /var/run/docker.sock
    at PipeConnectWrap.afterConnect [as oncomplete] (node:net:1638:16)
    at PipeConnectWrap.callbackTrampoline (node:internal/async_hooks:130:17)
[2026-08-15T15:17:19.696Z] error: <dockerStatusService> Error: connect EACCES /var/run/docker.sock
    at PipeConnectWrap.afterConnect [as oncomplete] (node:net:1638:16)
    at PipeConnectWrap.callbackTrampoline (node:internal/async_hooks:130:17)
[2026-08-15T15:17:19.707Z] error: <dockerStatusService> Error: connect EACCES /var/run/docker.sock
    at PipeConnectWrap.afterConnect [as oncomplete] (node:net:1638:16)
    at PipeConnectWrap.callbackTrampoline (node:internal/async_hooks:130:17)
[2026-08-15T15:17:19.718Z] error: <dockerStatusService> Error: connect EACCES /var/run/docker.sock
    at PipeConnectWrap.afterConnect [as oncomplete] (node:net:1638:16)
    at PipeConnectWrap.callbackTrampoline (node:internal/async_hooks:130:17)
[2026-08-15T15:17:19.724Z] error: <dockerStatusService> Error: connect EACCES /var/run/docker.sock
    at PipeConnectWrap.afterConnect [as oncomplete] (node:net:1638:16)
    at PipeConnectWrap.callbackTrampoline (node:internal/async_hooks:130:17)
[2026-08-15T15:18:21.451Z] error: <service-helpers> Error getting services from Docker server 'server-home': Error: connect EACCES /var/run/docker.sock
    at ignore-listed frames {
  errno: -13,
  code: 'EACCES',
  syscall: 'connect',
  address: '/var/run/docker.sock'
}
[2026-08-15T15:18:21.489Z] error: <service-helpers> Error getting services from Docker server 'server-home': Error: connect EACCES /var/run/docker.sock
    at ignore-listed frames {
  errno: -13,
  code: 'EACCES',
  syscall: 'connect',
  address: '/var/run/docker.sock'
}
[2026-08-15T15:18:21.855Z] error: <dockerStatusService> Error: connect EACCES /var/run/docker.sock
    at PipeConnectWrap.afterConnect [as oncomplete] (node:net:1638:16)
    at PipeConnectWrap.callbackTrampoline (node:internal/async_hooks:130:17)
[2026-08-15T15:18:21.866Z] error: <dockerStatusService> Error: connect EACCES /var/run/docker.sock
    at PipeConnectWrap.afterConnect [as oncomplete] (node:net:1638:16)
    at PipeConnectWrap.callbackTrampoline (node:internal/async_hooks:130:17)
[2026-08-15T15:18:21.880Z] error: <dockerStatusService> Error: connect EACCES /var/run/docker.sock
    at PipeConnectWrap.afterConnect [as oncomplete] (node:net:1638:16)
    at PipeConnectWrap.callbackTrampoline (node:internal/async_hooks:130:17)
[2026-08-15T15:18:21.892Z] error: <dockerStatusService> Error: connect EACCES /var/run/docker.sock
    at PipeConnectWrap.afterConnect [as oncomplete] (node:net:1638:16)
    at PipeConnectWrap.callbackTrampoline (node:internal/async_hooks:130:17)
[2026-08-15T15:18:21.906Z] error: <dockerStatusService> Error: connect EACCES /var/run/docker.sock
    at PipeConnectWrap.afterConnect [as oncomplete] (node:net:1638:16)
    at PipeConnectWrap.callbackTrampoline (node:internal/async_hooks:130:17)
[2026-08-15T15:18:21.919Z] error: <dockerStatusService> Error: connect EACCES /var/run/docker.sock
    at PipeConnectWrap.afterConnect [as oncomplete] (node:net:1638:16)
    at PipeConnectWrap.callbackTrampoline (node:internal/async_hooks:130:17)
[2026-08-15T15:18:21.929Z] error: <dockerStatusService> Error: connect EACCES /var/run/docker.sock
    at PipeConnectWrap.afterConnect [as oncomplete] (node:net:1638:16)
    at PipeConnectWrap.callbackTrampoline (node:internal/async_hooks:130:17)
[2026-08-15T15:18:21.941Z] error: <dockerStatusService> Error: connect EACCES /var/run/docker.sock
    at PipeConnectWrap.afterConnect [as oncomplete] (node:net:1638:16)
    at PipeConnectWrap.callbackTrampoline (node:internal/async_hooks:130:17)
[2026-08-15T15:18:21.951Z] error: <dockerStatusService> Error: connect EACCES /var/run/docker.sock
    at PipeConnectWrap.afterConnect [as oncomplete] (node:net:1638:16)
    at PipeConnectWrap.callbackTrampoline (node:internal/async_hooks:130:17)
[2026-08-15T15:18:21.962Z] error: <dockerStatusService> Error: connect EACCES /var/run/docker.sock
    at PipeConnectWrap.afterConnect [as oncomplete] (node:net:1638:16)
    at PipeConnectWrap.callbackTrampoline (node:internal/async_hooks:130:17)
[2026-08-15T15:18:21.972Z] error: <dockerStatusService> Error: connect EACCES /var/run/docker.sock
    at PipeConnectWrap.afterConnect [as oncomplete] (node:net:1638:16)
    at PipeConnectWrap.callbackTrampoline (node:internal/async_hooks:130:17)
[2026-08-15T15:18:22.058Z] error: <service-helpers> Error getting services from Docker server 'server-home': Error: connect EACCES /var/run/docker.sock
    at ignore-listed frames {
  errno: -13,
  code: 'EACCES',
  syscall: 'connect',
  address: '/var/run/docker.sock'
}
[2026-08-15T15:18:35.145Z] error: <dockerStatusService> Error: connect EACCES /var/run/docker.sock
    at PipeConnectWrap.afterConnect [as oncomplete] (node:net:1638:16)
    at PipeConnectWrap.callbackTrampoline (node:internal/async_hooks:130:17)
[2026-08-15T15:18:35.159Z] error: <dockerStatusService> Error: connect EACCES /var/run/docker.sock
    at PipeConnectWrap.afterConnect [as oncomplete] (node:net:1638:16)
    at PipeConnectWrap.callbackTrampoline (node:internal/async_hooks:130:17)
[2026-08-15T15:18:35.175Z] error: <dockerStatusService> Error: connect EACCES /var/run/docker.sock
    at PipeConnectWrap.afterConnect [as oncomplete] (node:net:1638:16)
    at PipeConnectWrap.callbackTrampoline (node:internal/async_hooks:130:17)
[2026-08-15T15:18:35.190Z] error: <dockerStatusService> Error: connect EACCES /var/run/docker.sock
    at PipeConnectWrap.afterConnect [as oncomplete] (node:net:1638:16)
    at PipeConnectWrap.callbackTrampoline (node:internal/async_hooks:130:17)
[2026-08-15T15:18:35.204Z] error: <dockerStatusService> Error: connect EACCES /var/run/docker.sock
    at PipeConnectWrap.afterConnect [as oncomplete] (node:net:1638:16)
    at PipeConnectWrap.callbackTrampoline (node:internal/async_hooks:130:17)
[2026-08-15T15:18:35.215Z] error: <dockerStatusService> Error: connect EACCES /var/run/docker.sock
    at PipeConnectWrap.afterConnect [as oncomplete] (node:net:1638:16)
    at PipeConnectWrap.callbackTrampoline (node:internal/async_hooks:130:17)
[2026-08-15T15:18:35.228Z] error: <dockerStatusService> Error: connect EACCES /var/run/docker.sock
    at PipeConnectWrap.afterConnect [as oncomplete] (node:net:1638:16)
    at PipeConnectWrap.callbackTrampoline (node:internal/async_hooks:130:17)
[2026-08-15T15:18:35.240Z] error: <dockerStatusService> Error: connect EACCES /var/run/docker.sock
    at PipeConnectWrap.afterConnect [as oncomplete] (node:net:1638:16)
    at PipeConnectWrap.callbackTrampoline (node:internal/async_hooks:130:17)
[2026-08-15T15:18:35.255Z] error: <dockerStatusService> Error: connect EACCES /var/run/docker.sock
    at PipeConnectWrap.afterConnect [as oncomplete] (node:net:1638:16)
    at PipeConnectWrap.callbackTrampoline (node:internal/async_hooks:130:17)
[2026-08-15T15:18:35.267Z] error: <dockerStatusService> Error: connect EACCES /var/run/docker.sock
    at PipeConnectWrap.afterConnect [as oncomplete] (node:net:1638:16)
    at PipeConnectWrap.callbackTrampoline (node:internal/async_hooks:130:17)
[2026-08-15T15:18:35.284Z] error: <dockerStatusService> Error: connect EACCES /var/run/docker.sock
    at PipeConnectWrap.afterConnect [as oncomplete] (node:net:1638:16)
    at PipeConnectWrap.callbackTrampoline (node:internal/async_hooks:130:17)
[2026-08-15T15:18:35.307Z] error: <service-helpers> Error getting services from Docker server 'server-home': Error: connect EACCES /var/run/docker.sock
    at ignore-listed frames {
  errno: -13,
  code: 'EACCES',
  syscall: 'connect',
  address: '/var/run/docker.sock'
}
[2026-08-15T15:18:47.992Z] warn: <nextauth> Failed password sign-in attempt
[2026-08-15T15:19:13.624Z] error: <dockerStatusService> Error: connect EACCES /var/run/docker.sock
    at PipeConnectWrap.afterConnect [as oncomplete] (node:net:1638:16)
    at PipeConnectWrap.callbackTrampoline (node:internal/async_hooks:130:17)
[2026-08-15T15:19:13.635Z] error: <dockerStatusService> Error: connect EACCES /var/run/docker.sock
    at PipeConnectWrap.afterConnect [as oncomplete] (node:net:1638:16)
    at PipeConnectWrap.callbackTrampoline (node:internal/async_hooks:130:17)
[2026-08-15T15:19:13.656Z] error: <dockerStatusService> Error: connect EACCES /var/run/docker.sock
    at PipeConnectWrap.afterConnect [as oncomplete] (node:net:1638:16)
    at PipeConnectWrap.callbackTrampoline (node:internal/async_hooks:130:17)
[2026-08-15T15:19:13.673Z] error: <dockerStatusService> Error: connect EACCES /var/run/docker.sock
    at PipeConnectWrap.afterConnect [as oncomplete] (node:net:1638:16)
    at PipeConnectWrap.callbackTrampoline (node:internal/async_hooks:130:17)
[2026-08-15T15:19:13.686Z] error: <dockerStatusService> Error: connect EACCES /var/run/docker.sock
    at PipeConnectWrap.afterConnect [as oncomplete] (node:net:1638:16)
    at PipeConnectWrap.callbackTrampoline (node:internal/async_hooks:130:17)
[2026-08-15T15:19:13.699Z] error: <dockerStatusService> Error: connect EACCES /var/run/docker.sock
    at PipeConnectWrap.afterConnect [as oncomplete] (node:net:1638:16)
    at PipeConnectWrap.callbackTrampoline (node:internal/async_hooks:130:17)
[2026-08-15T15:19:13.710Z] error: <dockerStatusService> Error: connect EACCES /var/run/docker.sock
    at PipeConnectWrap.afterConnect [as oncomplete] (node:net:1638:16)
    at PipeConnectWrap.callbackTrampoline (node:internal/async_hooks:130:17)
[2026-08-15T15:19:13.723Z] error: <dockerStatusService> Error: connect EACCES /var/run/docker.sock
    at PipeConnectWrap.afterConnect [as oncomplete] (node:net:1638:16)
    at PipeConnectWrap.callbackTrampoline (node:internal/async_hooks:130:17)
[2026-08-15T15:19:13.735Z] error: <dockerStatusService> Error: connect EACCES /var/run/docker.sock
    at PipeConnectWrap.afterConnect [as oncomplete] (node:net:1638:16)
    at PipeConnectWrap.callbackTrampoline (node:internal/async_hooks:130:17)
[2026-08-15T15:19:13.749Z] error: <dockerStatusService> Error: connect EACCES /var/run/docker.sock
    at PipeConnectWrap.afterConnect [as oncomplete] (node:net:1638:16)
    at PipeConnectWrap.callbackTrampoline (node:internal/async_hooks:130:17)
[2026-08-15T15:19:13.761Z] error: <dockerStatusService> Error: connect EACCES /var/run/docker.sock
    at PipeConnectWrap.afterConnect [as oncomplete] (node:net:1638:16)
    at PipeConnectWrap.callbackTrampoline (node:internal/async_hooks:130:17)
[2026-08-15T15:19:13.801Z] error: <service-helpers> Error getting services from Docker server 'server-home': Error: connect EACCES /var/run/docker.sock
    at ignore-listed frames {
  errno: -13,
  code: 'EACCES',
  syscall: 'connect',
  address: '/var/run/docker.sock'
}
[2026-08-15T15:19:22.797Z] error: <dockerStatusService> Error: connect EACCES /var/run/docker.sock
    at PipeConnectWrap.afterConnect [as oncomplete] (node:net:1638:16)
    at PipeConnectWrap.callbackTrampoline (node:internal/async_hooks:130:17)
[2026-08-15T15:19:22.811Z] error: <dockerStatusService> Error: connect EACCES /var/run/docker.sock
    at PipeConnectWrap.afterConnect [as oncomplete] (node:net:1638:16)
    at PipeConnectWrap.callbackTrampoline (node:internal/async_hooks:130:17)
[2026-08-15T15:19:22.830Z] error: <dockerStatusService> Error: connect EACCES /var/run/docker.sock
    at PipeConnectWrap.afterConnect [as oncomplete] (node:net:1638:16)
    at PipeConnectWrap.callbackTrampoline (node:internal/async_hooks:130:17)
[2026-08-15T15:19:22.843Z] error: <dockerStatusService> Error: connect EACCES /var/run/docker.sock
    at PipeConnectWrap.afterConnect [as oncomplete] (node:net:1638:16)
    at PipeConnectWrap.callbackTrampoline (node:internal/async_hooks:130:17)
[2026-08-15T15:19:22.857Z] error: <dockerStatusService> Error: connect EACCES /var/run/docker.sock
    at PipeConnectWrap.afterConnect [as oncomplete] (node:net:1638:16)
    at PipeConnectWrap.callbackTrampoline (node:internal/async_hooks:130:17)
[2026-08-15T15:19:22.869Z] error: <dockerStatusService> Error: connect EACCES /var/run/docker.sock
    at PipeConnectWrap.afterConnect [as oncomplete] (node:net:1638:16)
    at PipeConnectWrap.callbackTrampoline (node:internal/async_hooks:130:17)
[2026-08-15T15:19:22.883Z] error: <dockerStatusService> Error: connect EACCES /var/run/docker.sock
    at PipeConnectWrap.afterConnect [as oncomplete] (node:net:1638:16)
    at PipeConnectWrap.callbackTrampoline (node:internal/async_hooks:130:17)
[2026-08-15T15:19:22.893Z] error: <dockerStatusService> Error: connect EACCES /var/run/docker.sock
    at PipeConnectWrap.afterConnect [as oncomplete] (node:net:1638:16)
    at PipeConnectWrap.callbackTrampoline (node:internal/async_hooks:130:17)
[2026-08-15T15:19:22.907Z] error: <dockerStatusService> Error: connect EACCES /var/run/docker.sock
    at PipeConnectWrap.afterConnect [as oncomplete] (node:net:1638:16)
    at PipeConnectWrap.callbackTrampoline (node:internal/async_hooks:130:17)
[2026-08-15T15:19:22.919Z] error: <dockerStatusService> Error: connect EACCES /var/run/docker.sock
    at PipeConnectWrap.afterConnect [as oncomplete] (node:net:1638:16)
    at PipeConnectWrap.callbackTrampoline (node:internal/async_hooks:130:17)
[2026-08-15T15:19:22.933Z] error: <dockerStatusService> Error: connect EACCES /var/run/docker.sock
    at PipeConnectWrap.afterConnect [as oncomplete] (node:net:1638:16)
    at PipeConnectWrap.callbackTrampoline (node:internal/async_hooks:130:17)
[2026-08-15T15:19:22.975Z] error: <service-helpers> Error getting services from Docker server 'server-home': Error: connect EACCES /var/run/docker.sock
    at ignore-listed frames {
  errno: -13,
  code: 'EACCES',
  syscall: 'connect',
  address: '/var/run/docker.sock'
}
[2026-08-15T15:19:29.829Z] error: <dockerStatusService> Error: connect EACCES /var/run/docker.sock
    at PipeConnectWrap.afterConnect [as oncomplete] (node:net:1638:16)
    at PipeConnectWrap.callbackTrampoline (node:internal/async_hooks:130:17)
[2026-08-15T15:19:29.847Z] error: <dockerStatusService> Error: connect EACCES /var/run/docker.sock
    at PipeConnectWrap.afterConnect [as oncomplete] (node:net:1638:16)
    at PipeConnectWrap.callbackTrampoline (node:internal/async_hooks:130:17)
[2026-08-15T15:19:29.867Z] error: <dockerStatusService> Error: connect EACCES /var/run/docker.sock
    at PipeConnectWrap.afterConnect [as oncomplete] (node:net:1638:16)
    at PipeConnectWrap.callbackTrampoline (node:internal/async_hooks:130:17)
[2026-08-15T15:19:29.881Z] error: <dockerStatusService> Error: connect EACCES /var/run/docker.sock
    at PipeConnectWrap.afterConnect [as oncomplete] (node:net:1638:16)
    at PipeConnectWrap.callbackTrampoline (node:internal/async_hooks:130:17)
[2026-08-15T15:19:29.890Z] error: <dockerStatusService> Error: connect EACCES /var/run/docker.sock
    at PipeConnectWrap.afterConnect [as oncomplete] (node:net:1638:16)
    at PipeConnectWrap.callbackTrampoline (node:internal/async_hooks:130:17)
[2026-08-15T15:19:29.897Z] error: <dockerStatusService> Error: connect EACCES /var/run/docker.sock
    at PipeConnectWrap.afterConnect [as oncomplete] (node:net:1638:16)
    at PipeConnectWrap.callbackTrampoline (node:internal/async_hooks:130:17)
[2026-08-15T15:19:29.907Z] error: <dockerStatusService> Error: connect EACCES /var/run/docker.sock
    at PipeConnectWrap.afterConnect [as oncomplete] (node:net:1638:16)
    at PipeConnectWrap.callbackTrampoline (node:internal/async_hooks:130:17)
[2026-08-15T15:19:29.917Z] error: <dockerStatusService> Error: connect EACCES /var/run/docker.sock
    at PipeConnectWrap.afterConnect [as oncomplete] (node:net:1638:16)
    at PipeConnectWrap.callbackTrampoline (node:internal/async_hooks:130:17)
[2026-08-15T15:19:29.925Z] error: <dockerStatusService> Error: connect EACCES /var/run/docker.sock
    at PipeConnectWrap.afterConnect [as oncomplete] (node:net:1638:16)
    at PipeConnectWrap.callbackTrampoline (node:internal/async_hooks:130:17)
[2026-08-15T15:19:29.932Z] error: <dockerStatusService> Error: connect EACCES /var/run/docker.sock
    at PipeConnectWrap.afterConnect [as oncomplete] (node:net:1638:16)
    at PipeConnectWrap.callbackTrampoline (node:internal/async_hooks:130:17)
[2026-08-15T15:19:29.940Z] error: <dockerStatusService> Error: connect EACCES /var/run/docker.sock
    at PipeConnectWrap.afterConnect [as oncomplete] (node:net:1638:16)
    at PipeConnectWrap.callbackTrampoline (node:internal/async_hooks:130:17)
[2026-08-15T15:19:29.956Z] error: <service-helpers> Error getting services from Docker server 'server-home': Error: connect EACCES /var/run/docker.sock
    at ignore-listed frames {
  errno: -13,
  code: 'EACCES',
  syscall: 'connect',
  address: '/var/run/docker.sock'
}
[2026-08-15T15:19:32.074Z] error: <dockerStatusService> Error: connect EACCES /var/run/docker.sock
    at PipeConnectWrap.afterConnect [as oncomplete] (node:net:1638:16)
    at PipeConnectWrap.callbackTrampoline (node:internal/async_hooks:130:17)
[2026-08-15T15:19:32.093Z] error: <dockerStatusService> Error: connect EACCES /var/run/docker.sock
    at PipeConnectWrap.afterConnect [as oncomplete] (node:net:1638:16)
    at PipeConnectWrap.callbackTrampoline (node:internal/async_hooks:130:17)
[2026-08-15T15:19:32.104Z] error: <dockerStatusService> Error: connect EACCES /var/run/docker.sock
    at PipeConnectWrap.afterConnect [as oncomplete] (node:net:1638:16)
    at PipeConnectWrap.callbackTrampoline (node:internal/async_hooks:130:17)
[2026-08-15T15:19:32.124Z] error: <dockerStatusService> Error: connect EACCES /var/run/docker.sock
    at PipeConnectWrap.afterConnect [as oncomplete] (node:net:1638:16)
    at PipeConnectWrap.callbackTrampoline (node:internal/async_hooks:130:17)
[2026-08-15T15:19:32.139Z] error: <dockerStatusService> Error: connect EACCES /var/run/docker.sock
    at PipeConnectWrap.afterConnect [as oncomplete] (node:net:1638:16)
    at PipeConnectWrap.callbackTrampoline (node:internal/async_hooks:130:17)
[2026-08-15T15:19:32.159Z] error: <dockerStatusService> Error: connect EACCES /var/run/docker.sock
    at PipeConnectWrap.afterConnect [as oncomplete] (node:net:1638:16)
    at PipeConnectWrap.callbackTrampoline (node:internal/async_hooks:130:17)
[2026-08-15T15:19:32.174Z] error: <dockerStatusService> Error: connect EACCES /var/run/docker.sock
    at PipeConnectWrap.afterConnect [as oncomplete] (node:net:1638:16)
    at PipeConnectWrap.callbackTrampoline (node:internal/async_hooks:130:17)
[2026-08-15T15:19:32.191Z] error: <dockerStatusService> Error: connect EACCES /var/run/docker.sock
    at PipeConnectWrap.afterConnect [as oncomplete] (node:net:1638:16)
    at PipeConnectWrap.callbackTrampoline (node:internal/async_hooks:130:17)
[2026-08-15T15:19:32.199Z] error: <dockerStatusService> Error: connect EACCES /var/run/docker.sock
    at PipeConnectWrap.afterConnect [as oncomplete] (node:net:1638:16)
    at PipeConnectWrap.callbackTrampoline (node:internal/async_hooks:130:17)
[2026-08-15T15:19:32.206Z] error: <dockerStatusService> Error: connect EACCES /var/run/docker.sock
    at PipeConnectWrap.afterConnect [as oncomplete] (node:net:1638:16)
    at PipeConnectWrap.callbackTrampoline (node:internal/async_hooks:130:17)
[2026-08-15T15:19:32.213Z] error: <dockerStatusService> Error: connect EACCES /var/run/docker.sock
    at PipeConnectWrap.afterConnect [as oncomplete] (node:net:1638:16)
    at PipeConnectWrap.callbackTrampoline (node:internal/async_hooks:130:17)
[2026-08-15T15:19:32.272Z] error: <service-helpers> Error getting services from Docker server 'server-home': Error: connect EACCES /var/run/docker.sock
    at ignore-listed frames {
  errno: -13,
  code: 'EACCES',
  syscall: 'connect',
  address: '/var/run/docker.sock'
}
[2026-08-15T15:19:44.655Z] error: <dockerStatusService> Error: connect EACCES /var/run/docker.sock
    at PipeConnectWrap.afterConnect [as oncomplete] (node:net:1638:16)
    at PipeConnectWrap.callbackTrampoline (node:internal/async_hooks:130:17)
[2026-08-15T15:19:44.670Z] error: <dockerStatusService> Error: connect EACCES /var/run/docker.sock
    at PipeConnectWrap.afterConnect [as oncomplete] (node:net:1638:16)
    at PipeConnectWrap.callbackTrampoline (node:internal/async_hooks:130:17)
[2026-08-15T15:19:44.693Z] error: <dockerStatusService> Error: connect EACCES /var/run/docker.sock
    at PipeConnectWrap.afterConnect [as oncomplete] (node:net:1638:16)
    at PipeConnectWrap.callbackTrampoline (node:internal/async_hooks:130:17)
[2026-08-15T15:19:44.710Z] error: <dockerStatusService> Error: connect EACCES /var/run/docker.sock
    at PipeConnectWrap.afterConnect [as oncomplete] (node:net:1638:16)
    at PipeConnectWrap.callbackTrampoline (node:internal/async_hooks:130:17)
[2026-08-15T15:19:44.718Z] error: <dockerStatusService> Error: connect EACCES /var/run/docker.sock
    at PipeConnectWrap.afterConnect [as oncomplete] (node:net:1638:16)
    at PipeConnectWrap.callbackTrampoline (node:internal/async_hooks:130:17)
[2026-08-15T15:19:44.726Z] error: <dockerStatusService> Error: connect EACCES /var/run/docker.sock
    at PipeConnectWrap.afterConnect [as oncomplete] (node:net:1638:16)
    at PipeConnectWrap.callbackTrampoline (node:internal/async_hooks:130:17)
[2026-08-15T15:19:44.734Z] error: <dockerStatusService> Error: connect EACCES /var/run/docker.sock
    at PipeConnectWrap.afterConnect [as oncomplete] (node:net:1638:16)
    at PipeConnectWrap.callbackTrampoline (node:internal/async_hooks:130:17)
[2026-08-15T15:19:44.745Z] error: <dockerStatusService> Error: connect EACCES /var/run/docker.sock
    at PipeConnectWrap.afterConnect [as oncomplete] (node:net:1638:16)
    at PipeConnectWrap.callbackTrampoline (node:internal/async_hooks:130:17)
[2026-08-15T15:19:44.752Z] error: <dockerStatusService> Error: connect EACCES /var/run/docker.sock
    at PipeConnectWrap.afterConnect [as oncomplete] (node:net:1638:16)
    at PipeConnectWrap.callbackTrampoline (node:internal/async_hooks:130:17)
[2026-08-15T15:19:44.760Z] error: <dockerStatusService> Error: connect EACCES /var/run/docker.sock
    at PipeConnectWrap.afterConnect [as oncomplete] (node:net:1638:16)
    at PipeConnectWrap.callbackTrampoline (node:internal/async_hooks:130:17)
[2026-08-15T15:19:44.768Z] error: <dockerStatusService> Error: connect EACCES /var/run/docker.sock
    at PipeConnectWrap.afterConnect [as oncomplete] (node:net:1638:16)
    at PipeConnectWrap.callbackTrampoline (node:internal/async_hooks:130:17)
[2026-08-15T15:19:44.790Z] error: <service-helpers> Error getting services from Docker server 'server-home': Error: connect EACCES /var/run/docker.sock
    at ignore-listed frames {
  errno: -13,
  code: 'EACCES',
  syscall: 'connect',
  address: '/var/run/docker.sock'
}
[2026-08-15T15:20:14.800Z] error: <dockerStatusService> Error: connect EACCES /var/run/docker.sock
    at PipeConnectWrap.afterConnect [as oncomplete] (node:net:1638:16)
    at PipeConnectWrap.callbackTrampoline (node:internal/async_hooks:130:17)
[2026-08-15T15:20:14.805Z] error: <dockerStatusService> Error: connect EACCES /var/run/docker.sock
    at PipeConnectWrap.afterConnect [as oncomplete] (node:net:1638:16)
    at PipeConnectWrap.callbackTrampoline (node:internal/async_hooks:130:17)
[2026-08-15T15:20:14.830Z] error: <dockerStatusService> Error: connect EACCES /var/run/docker.sock
    at PipeConnectWrap.afterConnect [as oncomplete] (node:net:1638:16)
    at PipeConnectWrap.callbackTrampoline (node:internal/async_hooks:130:17)
[2026-08-15T15:20:14.849Z] error: <dockerStatusService> Error: connect EACCES /var/run/docker.sock
    at PipeConnectWrap.afterConnect [as oncomplete] (node:net:1638:16)
    at PipeConnectWrap.callbackTrampoline (node:internal/async_hooks:130:17)
[2026-08-15T15:20:14.888Z] error: <dockerStatusService> Error: connect EACCES /var/run/docker.sock
    at PipeConnectWrap.afterConnect [as oncomplete] (node:net:1638:16)
    at PipeConnectWrap.callbackTrampoline (node:internal/async_hooks:130:17)
[2026-08-15T15:20:14.910Z] error: <dockerStatusService> Error: connect EACCES /var/run/docker.sock
    at PipeConnectWrap.afterConnect [as oncomplete] (node:net:1638:16)
    at PipeConnectWrap.callbackTrampoline (node:internal/async_hooks:130:17)
[2026-08-15T15:20:14.932Z] error: <dockerStatusService> Error: connect EACCES /var/run/docker.sock
    at PipeConnectWrap.afterConnect [as oncomplete] (node:net:1638:16)
    at PipeConnectWrap.callbackTrampoline (node:internal/async_hooks:130:17)
[2026-08-15T15:20:14.952Z] error: <dockerStatusService> Error: connect EACCES /var/run/docker.sock
    at PipeConnectWrap.afterConnect [as oncomplete] (node:net:1638:16)
    at PipeConnectWrap.callbackTrampoline (node:internal/async_hooks:130:17)
[2026-08-15T15:20:14.993Z] error: <dockerStatusService> Error: connect EACCES /var/run/docker.sock
    at PipeConnectWrap.afterConnect [as oncomplete] (node:net:1638:16)
    at PipeConnectWrap.callbackTrampoline (node:internal/async_hooks:130:17)
[2026-08-15T15:20:15.057Z] error: <service-helpers> Error getting services from Docker server 'server-home': Error: connect EACCES /var/run/docker.sock
    at ignore-listed frames {
  errno: -13,
  code: 'EACCES',
  syscall: 'connect',
  address: '/var/run/docker.sock'
}
[2026-08-15T15:20:15.083Z] error: <dockerStatusService> Error: connect EACCES /var/run/docker.sock
    at PipeConnectWrap.afterConnect [as oncomplete] (node:net:1638:16)
    at PipeConnectWrap.callbackTrampoline (node:internal/async_hooks:130:17)
[2026-08-15T15:20:15.151Z] error: <dockerStatusService> Error: connect EACCES /var/run/docker.sock
    at PipeConnectWrap.afterConnect [as oncomplete] (node:net:1638:16)
    at PipeConnectWrap.callbackTrampoline (node:internal/async_hooks:130:17)
[2026-08-15T15:20:15.407Z] error: <service-helpers> Error getting services from Docker server 'server-home': Error: connect EACCES /var/run/docker.sock
    at ignore-listed frames {
  errno: -13,
  code: 'EACCES',
  syscall: 'connect',
  address: '/var/run/docker.sock'
}
[2026-08-15T15:20:17.771Z] error: <dockerStatusService> Error: connect EACCES /var/run/docker.sock
    at PipeConnectWrap.afterConnect [as oncomplete] (node:net:1638:16)
    at PipeConnectWrap.callbackTrampoline (node:internal/async_hooks:130:17)
[2026-08-15T15:20:17.785Z] error: <dockerStatusService> Error: connect EACCES /var/run/docker.sock
    at PipeConnectWrap.afterConnect [as oncomplete] (node:net:1638:16)
    at PipeConnectWrap.callbackTrampoline (node:internal/async_hooks:130:17)
[2026-08-15T15:20:17.798Z] error: <dockerStatusService> Error: connect EACCES /var/run/docker.sock
    at PipeConnectWrap.afterConnect [as oncomplete] (node:net:1638:16)
    at PipeConnectWrap.callbackTrampoline (node:internal/async_hooks:130:17)
[2026-08-15T15:20:17.811Z] error: <dockerStatusService> Error: connect EACCES /var/run/docker.sock
    at PipeConnectWrap.afterConnect [as oncomplete] (node:net:1638:16)
    at PipeConnectWrap.callbackTrampoline (node:internal/async_hooks:130:17)
[2026-08-15T15:20:17.827Z] error: <dockerStatusService> Error: connect EACCES /var/run/docker.sock
    at PipeConnectWrap.afterConnect [as oncomplete] (node:net:1638:16)
    at PipeConnectWrap.callbackTrampoline (node:internal/async_hooks:130:17)
[2026-08-15T15:20:17.840Z] error: <dockerStatusService> Error: connect EACCES /var/run/docker.sock
    at PipeConnectWrap.afterConnect [as oncomplete] (node:net:1638:16)
    at PipeConnectWrap.callbackTrampoline (node:internal/async_hooks:130:17)
[2026-08-15T15:20:17.855Z] error: <dockerStatusService> Error: connect EACCES /var/run/docker.sock
    at PipeConnectWrap.afterConnect [as oncomplete] (node:net:1638:16)
    at PipeConnectWrap.callbackTrampoline (node:internal/async_hooks:130:17)
[2026-08-15T15:20:17.867Z] error: <dockerStatusService> Error: connect EACCES /var/run/docker.sock
    at PipeConnectWrap.afterConnect [as oncomplete] (node:net:1638:16)
    at PipeConnectWrap.callbackTrampoline (node:internal/async_hooks:130:17)
[2026-08-15T15:20:17.882Z] error: <dockerStatusService> Error: connect EACCES /var/run/docker.sock
    at PipeConnectWrap.afterConnect [as oncomplete] (node:net:1638:16)
    at PipeConnectWrap.callbackTrampoline (node:internal/async_hooks:130:17)
[2026-08-15T15:20:17.896Z] error: <dockerStatusService> Error: connect EACCES /var/run/docker.sock
    at PipeConnectWrap.afterConnect [as oncomplete] (node:net:1638:16)
    at PipeConnectWrap.callbackTrampoline (node:internal/async_hooks:130:17)
[2026-08-15T15:20:17.909Z] error: <dockerStatusService> Error: connect EACCES /var/run/docker.sock
    at PipeConnectWrap.afterConnect [as oncomplete] (node:net:1638:16)
    at PipeConnectWrap.callbackTrampoline (node:internal/async_hooks:130:17)
[2026-08-15T15:20:18.028Z] error: <service-helpers> Error getting services from Docker server 'server-home': Error: connect EACCES /var/run/docker.sock
    at ignore-listed frames {
  errno: -13,
  code: 'EACCES',
  syscall: 'connect',
  address: '/var/run/docker.sock'
}
[2026-08-15T15:20:30.286Z] error: <dockerStatusService> Error: connect EACCES /var/run/docker.sock
    at PipeConnectWrap.afterConnect [as oncomplete] (node:net:1638:16)
    at PipeConnectWrap.callbackTrampoline (node:internal/async_hooks:130:17)
[2026-08-15T15:20:30.289Z] error: <dockerStatusService> Error: connect EACCES /var/run/docker.sock
    at PipeConnectWrap.afterConnect [as oncomplete] (node:net:1638:16)
    at PipeConnectWrap.callbackTrampoline (node:internal/async_hooks:130:17)
[2026-08-15T15:20:30.314Z] error: <dockerStatusService> Error: connect EACCES /var/run/docker.sock
    at PipeConnectWrap.afterConnect [as oncomplete] (node:net:1638:16)
    at PipeConnectWrap.callbackTrampoline (node:internal/async_hooks:130:17)
[2026-08-15T15:20:30.351Z] error: <dockerStatusService> Error: connect EACCES /var/run/docker.sock
    at PipeConnectWrap.afterConnect [as oncomplete] (node:net:1638:16)
    at PipeConnectWrap.callbackTrampoline (node:internal/async_hooks:130:17)
[2026-08-15T15:20:30.388Z] error: <dockerStatusService> Error: connect EACCES /var/run/docker.sock
    at PipeConnectWrap.afterConnect [as oncomplete] (node:net:1638:16)
    at PipeConnectWrap.callbackTrampoline (node:internal/async_hooks:130:17)
[2026-08-15T15:20:30.406Z] error: <dockerStatusService> Error: connect EACCES /var/run/docker.sock
    at PipeConnectWrap.afterConnect [as oncomplete] (node:net:1638:16)
    at PipeConnectWrap.callbackTrampoline (node:internal/async_hooks:130:17)
[2026-08-15T15:20:30.417Z] error: <dockerStatusService> Error: connect EACCES /var/run/docker.sock
    at PipeConnectWrap.afterConnect [as oncomplete] (node:net:1638:16)
    at PipeConnectWrap.callbackTrampoline (node:internal/async_hooks:130:17)
[2026-08-15T15:20:30.438Z] error: <dockerStatusService> Error: connect EACCES /var/run/docker.sock
    at PipeConnectWrap.afterConnect [as oncomplete] (node:net:1638:16)
    at PipeConnectWrap.callbackTrampoline (node:internal/async_hooks:130:17)
[2026-08-15T15:20:30.536Z] error: <dockerStatusService> Error: connect EACCES /var/run/docker.sock
    at PipeConnectWrap.afterConnect [as oncomplete] (node:net:1638:16)
    at PipeConnectWrap.callbackTrampoline (node:internal/async_hooks:130:17)
[2026-08-15T15:20:30.545Z] error: <dockerStatusService> Error: connect EACCES /var/run/docker.sock
    at PipeConnectWrap.afterConnect [as oncomplete] (node:net:1638:16)
    at PipeConnectWrap.callbackTrampoline (node:internal/async_hooks:130:17)
[2026-08-15T15:20:30.549Z] error: <dockerStatusService> Error: connect EACCES /var/run/docker.sock
    at PipeConnectWrap.afterConnect [as oncomplete] (node:net:1638:16)
    at PipeConnectWrap.callbackTrampoline (node:internal/async_hooks:130:17)
[2026-08-15T15:20:30.552Z] error: <service-helpers> Error getting services from Docker server 'server-home': Error: connect EACCES /var/run/docker.sock
    at ignore-listed frames {
  errno: -13,
  code: 'EACCES',
  syscall: 'connect',
  address: '/var/run/docker.sock'
}
[2026-08-15T15:20:31.830Z] error: <dockerStatusService> Error: connect EACCES /var/run/docker.sock
    at PipeConnectWrap.afterConnect [as oncomplete] (node:net:1638:16)
    at PipeConnectWrap.callbackTrampoline (node:internal/async_hooks:130:17)
[2026-08-15T15:20:31.841Z] error: <dockerStatusService> Error: connect EACCES /var/run/docker.sock
    at PipeConnectWrap.afterConnect [as oncomplete] (node:net:1638:16)
    at PipeConnectWrap.callbackTrampoline (node:internal/async_hooks:130:17)
[2026-08-15T15:20:31.853Z] error: <dockerStatusService> Error: connect EACCES /var/run/docker.sock
    at PipeConnectWrap.afterConnect [as oncomplete] (node:net:1638:16)
    at PipeConnectWrap.callbackTrampoline (node:internal/async_hooks:130:17)
[2026-08-15T15:20:31.867Z] error: <dockerStatusService> Error: connect EACCES /var/run/docker.sock
    at PipeConnectWrap.afterConnect [as oncomplete] (node:net:1638:16)
    at PipeConnectWrap.callbackTrampoline (node:internal/async_hooks:130:17)
[2026-08-15T15:20:31.880Z] error: <dockerStatusService> Error: connect EACCES /var/run/docker.sock
    at PipeConnectWrap.afterConnect [as oncomplete] (node:net:1638:16)
    at PipeConnectWrap.callbackTrampoline (node:internal/async_hooks:130:17)
[2026-08-15T15:20:31.893Z] error: <dockerStatusService> Error: connect EACCES /var/run/docker.sock
    at PipeConnectWrap.afterConnect [as oncomplete] (node:net:1638:16)
    at PipeConnectWrap.callbackTrampoline (node:internal/async_hooks:130:17)
[2026-08-15T15:20:31.904Z] error: <dockerStatusService> Error: connect EACCES /var/run/docker.sock
    at PipeConnectWrap.afterConnect [as oncomplete] (node:net:1638:16)
    at PipeConnectWrap.callbackTrampoline (node:internal/async_hooks:130:17)
[2026-08-15T15:20:31.917Z] error: <dockerStatusService> Error: connect EACCES /var/run/docker.sock
    at PipeConnectWrap.afterConnect [as oncomplete] (node:net:1638:16)
    at PipeConnectWrap.callbackTrampoline (node:internal/async_hooks:130:17)
[2026-08-15T15:20:31.928Z] error: <dockerStatusService> Error: connect EACCES /var/run/docker.sock
    at PipeConnectWrap.afterConnect [as oncomplete] (node:net:1638:16)
    at PipeConnectWrap.callbackTrampoline (node:internal/async_hooks:130:17)
[2026-08-15T15:20:31.941Z] error: <dockerStatusService> Error: connect EACCES /var/run/docker.sock
    at PipeConnectWrap.afterConnect [as oncomplete] (node:net:1638:16)
    at PipeConnectWrap.callbackTrampoline (node:internal/async_hooks:130:17)
[2026-08-15T15:20:31.952Z] error: <dockerStatusService> Error: connect EACCES /var/run/docker.sock
    at PipeConnectWrap.afterConnect [as oncomplete] (node:net:1638:16)
    at PipeConnectWrap.callbackTrampoline (node:internal/async_hooks:130:17)
[2026-08-15T15:20:32.046Z] error: <service-helpers> Error getting services from Docker server 'server-home': Error: connect EACCES /var/run/docker.sock
    at ignore-listed frames {
  errno: -13,
  code: 'EACCES',
  syscall: 'connect',
  address: '/var/run/docker.sock'
}
[2026-08-15T15:20:42.871Z] error: <dockerStatusService> Error: connect EACCES /var/run/docker.sock
    at PipeConnectWrap.afterConnect [as oncomplete] (node:net:1638:16)
    at PipeConnectWrap.callbackTrampoline (node:internal/async_hooks:130:17)
[2026-08-15T15:20:42.881Z] error: <dockerStatusService> Error: connect EACCES /var/run/docker.sock
    at PipeConnectWrap.afterConnect [as oncomplete] (node:net:1638:16)
    at PipeConnectWrap.callbackTrampoline (node:internal/async_hooks:130:17)
[2026-08-15T15:20:42.890Z] error: <dockerStatusService> Error: connect EACCES /var/run/docker.sock
    at PipeConnectWrap.afterConnect [as oncomplete] (node:net:1638:16)
    at PipeConnectWrap.callbackTrampoline (node:internal/async_hooks:130:17)
[2026-08-15T15:20:42.898Z] error: <dockerStatusService> Error: connect EACCES /var/run/docker.sock
    at PipeConnectWrap.afterConnect [as oncomplete] (node:net:1638:16)
    at PipeConnectWrap.callbackTrampoline (node:internal/async_hooks:130:17)
[2026-08-15T15:20:42.908Z] error: <dockerStatusService> Error: connect EACCES /var/run/docker.sock
    at PipeConnectWrap.afterConnect [as oncomplete] (node:net:1638:16)
    at PipeConnectWrap.callbackTrampoline (node:internal/async_hooks:130:17)
[2026-08-15T15:20:42.916Z] error: <dockerStatusService> Error: connect EACCES /var/run/docker.sock
    at PipeConnectWrap.afterConnect [as oncomplete] (node:net:1638:16)
    at PipeConnectWrap.callbackTrampoline (node:internal/async_hooks:130:17)
[2026-08-15T15:20:42.924Z] error: <dockerStatusService> Error: connect EACCES /var/run/docker.sock
    at PipeConnectWrap.afterConnect [as oncomplete] (node:net:1638:16)
    at PipeConnectWrap.callbackTrampoline (node:internal/async_hooks:130:17)
[2026-08-15T15:20:42.932Z] error: <dockerStatusService> Error: connect EACCES /var/run/docker.sock
    at PipeConnectWrap.afterConnect [as oncomplete] (node:net:1638:16)
    at PipeConnectWrap.callbackTrampoline (node:internal/async_hooks:130:17)
[2026-08-15T15:20:42.941Z] error: <dockerStatusService> Error: connect EACCES /var/run/docker.sock
    at PipeConnectWrap.afterConnect [as oncomplete] (node:net:1638:16)
    at PipeConnectWrap.callbackTrampoline (node:internal/async_hooks:130:17)
[2026-08-15T15:20:42.949Z] error: <dockerStatusService> Error: connect EACCES /var/run/docker.sock
    at PipeConnectWrap.afterConnect [as oncomplete] (node:net:1638:16)
    at PipeConnectWrap.callbackTrampoline (node:internal/async_hooks:130:17)
[2026-08-15T15:20:42.957Z] error: <dockerStatusService> Error: connect EACCES /var/run/docker.sock
    at PipeConnectWrap.afterConnect [as oncomplete] (node:net:1638:16)
    at PipeConnectWrap.callbackTrampoline (node:internal/async_hooks:130:17)
[2026-08-15T15:20:42.971Z] error: <service-helpers> Error getting services from Docker server 'server-home': Error: connect EACCES /var/run/docker.sock
    at ignore-listed frames {
  errno: -13,
  code: 'EACCES',
  syscall: 'connect',
  address: '/var/run/docker.sock'
}
[2026-08-15T15:21:05.275Z] error: <dockerStatusService> Error: connect EACCES /var/run/docker.sock
    at PipeConnectWrap.afterConnect [as oncomplete] (node:net:1638:16)
    at PipeConnectWrap.callbackTrampoline (node:internal/async_hooks:130:17)
[2026-08-15T15:21:05.284Z] error: <dockerStatusService> Error: connect EACCES /var/run/docker.sock
    at PipeConnectWrap.afterConnect [as oncomplete] (node:net:1638:16)
    at PipeConnectWrap.callbackTrampoline (node:internal/async_hooks:130:17)
[2026-08-15T15:21:05.292Z] error: <dockerStatusService> Error: connect EACCES /var/run/docker.sock
    at PipeConnectWrap.afterConnect [as oncomplete] (node:net:1638:16)
    at PipeConnectWrap.callbackTrampoline (node:internal/async_hooks:130:17)
[2026-08-15T15:21:05.299Z] error: <dockerStatusService> Error: connect EACCES /var/run/docker.sock
    at PipeConnectWrap.afterConnect [as oncomplete] (node:net:1638:16)
    at PipeConnectWrap.callbackTrampoline (node:internal/async_hooks:130:17)
[2026-08-15T15:21:05.307Z] error: <dockerStatusService> Error: connect EACCES /var/run/docker.sock
    at PipeConnectWrap.afterConnect [as oncomplete] (node:net:1638:16)
    at PipeConnectWrap.callbackTrampoline (node:internal/async_hooks:130:17)
[2026-08-15T15:21:05.313Z] error: <dockerStatusService> Error: connect EACCES /var/run/docker.sock
    at PipeConnectWrap.afterConnect [as oncomplete] (node:net:1638:16)
    at PipeConnectWrap.callbackTrampoline (node:internal/async_hooks:130:17)
[2026-08-15T15:21:05.321Z] error: <dockerStatusService> Error: connect EACCES /var/run/docker.sock
    at PipeConnectWrap.afterConnect [as oncomplete] (node:net:1638:16)
    at PipeConnectWrap.callbackTrampoline (node:internal/async_hooks:130:17)
[2026-08-15T15:21:05.328Z] error: <dockerStatusService> Error: connect EACCES /var/run/docker.sock
    at PipeConnectWrap.afterConnect [as oncomplete] (node:net:1638:16)
    at PipeConnectWrap.callbackTrampoline (node:internal/async_hooks:130:17)
[2026-08-15T15:21:05.335Z] error: <dockerStatusService> Error: connect EACCES /var/run/docker.sock
    at PipeConnectWrap.afterConnect [as oncomplete] (node:net:1638:16)
    at PipeConnectWrap.callbackTrampoline (node:internal/async_hooks:130:17)
[2026-08-15T15:21:05.342Z] error: <dockerStatusService> Error: connect EACCES /var/run/docker.sock
    at PipeConnectWrap.afterConnect [as oncomplete] (node:net:1638:16)
    at PipeConnectWrap.callbackTrampoline (node:internal/async_hooks:130:17)
[2026-08-15T15:21:05.350Z] error: <dockerStatusService> Error: connect EACCES /var/run/docker.sock
    at PipeConnectWrap.afterConnect [as oncomplete] (node:net:1638:16)
    at PipeConnectWrap.callbackTrampoline (node:internal/async_hooks:130:17)
[2026-08-15T15:21:05.379Z] error: <service-helpers> Error getting services from Docker server 'server-home': Error: connect EACCES /var/run/docker.sock
    at ignore-listed frames {
  errno: -13,
  code: 'EACCES',
  syscall: 'connect',
  address: '/var/run/docker.sock'
}
[2026-08-15T15:21:06.280Z] error: <dockerStatusService> Error: connect EACCES /var/run/docker.sock
    at PipeConnectWrap.afterConnect [as oncomplete] (node:net:1638:16)
    at PipeConnectWrap.callbackTrampoline (node:internal/async_hooks:130:17)
[2026-08-15T15:21:06.287Z] error: <dockerStatusService> Error: connect EACCES /var/run/docker.sock
    at PipeConnectWrap.afterConnect [as oncomplete] (node:net:1638:16)
    at PipeConnectWrap.callbackTrampoline (node:internal/async_hooks:130:17)
[2026-08-15T15:21:06.293Z] error: <dockerStatusService> Error: connect EACCES /var/run/docker.sock
    at PipeConnectWrap.afterConnect [as oncomplete] (node:net:1638:16)
    at PipeConnectWrap.callbackTrampoline (node:internal/async_hooks:130:17)
[2026-08-15T15:21:06.301Z] error: <dockerStatusService> Error: connect EACCES /var/run/docker.sock
    at PipeConnectWrap.afterConnect [as oncomplete] (node:net:1638:16)
    at PipeConnectWrap.callbackTrampoline (node:internal/async_hooks:130:17)
[2026-08-15T15:21:06.308Z] error: <dockerStatusService> Error: connect EACCES /var/run/docker.sock
    at PipeConnectWrap.afterConnect [as oncomplete] (node:net:1638:16)
    at PipeConnectWrap.callbackTrampoline (node:internal/async_hooks:130:17)
[2026-08-15T15:21:06.315Z] error: <dockerStatusService> Error: connect EACCES /var/run/docker.sock
    at PipeConnectWrap.afterConnect [as oncomplete] (node:net:1638:16)
    at PipeConnectWrap.callbackTrampoline (node:internal/async_hooks:130:17)
[2026-08-15T15:21:06.322Z] error: <dockerStatusService> Error: connect EACCES /var/run/docker.sock
    at PipeConnectWrap.afterConnect [as oncomplete] (node:net:1638:16)
    at PipeConnectWrap.callbackTrampoline (node:internal/async_hooks:130:17)
[2026-08-15T15:21:06.329Z] error: <dockerStatusService> Error: connect EACCES /var/run/docker.sock
    at PipeConnectWrap.afterConnect [as oncomplete] (node:net:1638:16)
    at PipeConnectWrap.callbackTrampoline (node:internal/async_hooks:130:17)
[2026-08-15T15:21:06.336Z] error: <dockerStatusService> Error: connect EACCES /var/run/docker.sock
    at PipeConnectWrap.afterConnect [as oncomplete] (node:net:1638:16)
    at PipeConnectWrap.callbackTrampoline (node:internal/async_hooks:130:17)
[2026-08-15T15:21:06.343Z] error: <dockerStatusService> Error: connect EACCES /var/run/docker.sock
    at PipeConnectWrap.afterConnect [as oncomplete] (node:net:1638:16)
    at PipeConnectWrap.callbackTrampoline (node:internal/async_hooks:130:17)
[2026-08-15T15:21:06.349Z] error: <dockerStatusService> Error: connect EACCES /var/run/docker.sock
    at PipeConnectWrap.afterConnect [as oncomplete] (node:net:1638:16)
    at PipeConnectWrap.callbackTrampoline (node:internal/async_hooks:130:17)
[2026-08-15T15:21:06.412Z] error: <service-helpers> Error getting services from Docker server 'server-home': Error: connect EACCES /var/run/docker.sock
    at ignore-listed frames {
  errno: -13,
  code: 'EACCES',
  syscall: 'connect',
  address: '/var/run/docker.sock'
}
[2026-08-15T15:21:20.318Z] error: <dockerStatusService> Error: connect EACCES /var/run/docker.sock
    at PipeConnectWrap.afterConnect [as oncomplete] (node:net:1638:16)
    at PipeConnectWrap.callbackTrampoline (node:internal/async_hooks:130:17)
[2026-08-15T15:21:20.331Z] error: <dockerStatusService> Error: connect EACCES /var/run/docker.sock
    at PipeConnectWrap.afterConnect [as oncomplete] (node:net:1638:16)
    at PipeConnectWrap.callbackTrampoline (node:internal/async_hooks:130:17)
[2026-08-15T15:21:20.347Z] error: <dockerStatusService> Error: connect EACCES /var/run/docker.sock
    at PipeConnectWrap.afterConnect [as oncomplete] (node:net:1638:16)
    at PipeConnectWrap.callbackTrampoline (node:internal/async_hooks:130:17)
[2026-08-15T15:21:20.361Z] error: <dockerStatusService> Error: connect EACCES /var/run/docker.sock
    at PipeConnectWrap.afterConnect [as oncomplete] (node:net:1638:16)
    at PipeConnectWrap.callbackTrampoline (node:internal/async_hooks:130:17)
[2026-08-15T15:21:20.372Z] error: <dockerStatusService> Error: connect EACCES /var/run/docker.sock
    at PipeConnectWrap.afterConnect [as oncomplete] (node:net:1638:16)
    at PipeConnectWrap.callbackTrampoline (node:internal/async_hooks:130:17)
[2026-08-15T15:21:20.380Z] error: <dockerStatusService> Error: connect EACCES /var/run/docker.sock
    at PipeConnectWrap.afterConnect [as oncomplete] (node:net:1638:16)
    at PipeConnectWrap.callbackTrampoline (node:internal/async_hooks:130:17)
[2026-08-15T15:21:20.390Z] error: <dockerStatusService> Error: connect EACCES /var/run/docker.sock
    at PipeConnectWrap.afterConnect [as oncomplete] (node:net:1638:16)
    at PipeConnectWrap.callbackTrampoline (node:internal/async_hooks:130:17)
[2026-08-15T15:21:20.399Z] error: <dockerStatusService> Error: connect EACCES /var/run/docker.sock
    at PipeConnectWrap.afterConnect [as oncomplete] (node:net:1638:16)
    at PipeConnectWrap.callbackTrampoline (node:internal/async_hooks:130:17)
[2026-08-15T15:21:20.408Z] error: <dockerStatusService> Error: connect EACCES /var/run/docker.sock
    at PipeConnectWrap.afterConnect [as oncomplete] (node:net:1638:16)
    at PipeConnectWrap.callbackTrampoline (node:internal/async_hooks:130:17)
[2026-08-15T15:21:20.423Z] error: <dockerStatusService> Error: connect EACCES /var/run/docker.sock
    at PipeConnectWrap.afterConnect [as oncomplete] (node:net:1638:16)
    at PipeConnectWrap.callbackTrampoline (node:internal/async_hooks:130:17)
[2026-08-15T15:21:20.432Z] error: <dockerStatusService> Error: connect EACCES /var/run/docker.sock
    at PipeConnectWrap.afterConnect [as oncomplete] (node:net:1638:16)
    at PipeConnectWrap.callbackTrampoline (node:internal/async_hooks:130:17)
[2026-08-15T15:21:20.453Z] error: <service-helpers> Error getting services from Docker server 'server-home': Error: connect EACCES /var/run/docker.sock
    at ignore-listed frames {
  errno: -13,
  code: 'EACCES',
  syscall: 'connect',
  address: '/var/run/docker.sock'
}
